// Jest Snapshot v1, https://goo.gl/fbAQLP

exports[`interpreter default scripts binary-expressions.src 1`] = `"1.5"`;

exports[`interpreter default scripts binary-expressions.src 2`] = `"600"`;

exports[`interpreter default scripts binary-expressions.src 3`] = `"10"`;

exports[`interpreter default scripts binary-expressions.src 4`] = `"50"`;

exports[`interpreter default scripts binary-expressions.src 5`] = `"31457280"`;

exports[`interpreter default scripts binary-expressions.src 6`] = `"0"`;

exports[`interpreter default scripts binary-expressions.src 7`] = `"30"`;

exports[`interpreter default scripts binary-expressions.src 8`] = `"30"`;

exports[`interpreter default scripts binary-expressions.src 9`] = `"20"`;

exports[`interpreter default scripts binary-expressions.src 10`] = `"3.486784401e+29"`;

exports[`interpreter default scripts binary-expressions.src 11`] = `"1"`;

exports[`interpreter default scripts binary-expressions.src 12`] = `"1"`;

exports[`interpreter default scripts cast.src 1`] = `"{\\"was\\":1,\\"foo\\":0,\\"bar\\":\\"xxx\\"}"`;

exports[`interpreter default scripts cast.src 2`] = `"{\\"was\\":1,\\"foo\\":0,\\"bar\\":\\"xxx\\"}"`;

exports[`interpreter default scripts cast.src 3`] = `"[\\"was\\", 0, 4]"`;

exports[`interpreter default scripts cast.src 4`] = `"\\"was\\""`;

exports[`interpreter default scripts cast.src 5`] = `"61.23"`;

exports[`interpreter default scripts cast.src 6`] = `"1"`;

exports[`interpreter default scripts cast.src 7`] = `"null"`;

exports[`interpreter default scripts cast.src 8`] = `"\\"{\\"test\\":2}[\\"test\\"]\\""`;

exports[`interpreter default scripts cast.src 9`] = `"[\\"bar\\", \\"foo\\", 0]"`;

exports[`interpreter default scripts cast.src 10`] = `"{\\"foo\\":2,\\"bar\\":123}"`;

exports[`interpreter default scripts cast.src 11`] = `"\\"was321\\""`;

exports[`interpreter default scripts cast.src 12`] = `"\\"wasfoo\\""`;

exports[`interpreter default scripts cast.src 13`] = `"1"`;

exports[`interpreter default scripts cast.src 14`] = `"null"`;

exports[`interpreter default scripts cast.src 15`] = `"null"`;

exports[`interpreter default scripts cast.src 16`] = `"\\"was\\""`;

exports[`interpreter default scripts cast.src 17`] = `"\\"was\\""`;

exports[`interpreter default scripts cast.src 18`] = `"\\"te\\""`;

exports[`interpreter default scripts cast.src 19`] = `"1"`;

exports[`interpreter default scripts cast.src 20`] = `"[\\"was\\", \\"foo\\", \\"was\\", \\"foo\\", \\"was\\", \\"foo\\", \\"was\\", \\"foo\\", \\"was\\", \\"foo\\"]"`;

exports[`interpreter default scripts cast.src 21`] = `"\\"abcabcabcabcabc\\""`;

exports[`interpreter default scripts cast.src 22`] = `"[1, 2, 3, 1]"`;

exports[`interpreter default scripts cast.src 23`] = `"[\\"was\\", \\"foo\\", 123]"`;

exports[`interpreter default scripts cast.src 24`] = `"[1, 2, 3, 4]"`;

exports[`interpreter default scripts cast.src 25`] = `"\\"te\\""`;

exports[`interpreter default scripts cast.src 26`] = `"1"`;

exports[`interpreter default scripts cast.src 27`] = `"null"`;

exports[`interpreter default scripts cast.src 28`] = `"null"`;

exports[`interpreter default scripts cast.src 29`] = `"1"`;

exports[`interpreter default scripts cast.src 30`] = `"null"`;

exports[`interpreter default scripts cast.src 31`] = `"null"`;

exports[`interpreter default scripts cast.src 32`] = `"0"`;

exports[`interpreter default scripts cast.src 33`] = `"null"`;

exports[`interpreter default scripts cast.src 34`] = `"null"`;

exports[`interpreter default scripts cast.src 35`] = `"0"`;

exports[`interpreter default scripts cast.src 36`] = `"null"`;

exports[`interpreter default scripts cast.src 37`] = `"null"`;

exports[`interpreter default scripts circular-import.src 1`] = `"\\"circular 2\\""`;

exports[`interpreter default scripts circular-import.src 2`] = `"\\"circular 1\\""`;

exports[`interpreter default scripts circular-import.src 3`] = `"\\"circular start\\""`;

exports[`interpreter default scripts deep-equal.src 1`] = `"1"`;

exports[`interpreter default scripts deep-equal.src 2`] = `"0"`;

exports[`interpreter default scripts deep-equal.src 3`] = `"\\"test\\""`;

exports[`interpreter default scripts deep-equal.src 4`] = `"1"`;

exports[`interpreter default scripts deep-equal.src 5`] = `"1"`;

exports[`interpreter default scripts deep-equal.src 6`] = `"0"`;

exports[`interpreter default scripts deep-equal.src 7`] = `"\\"test\\""`;

exports[`interpreter default scripts deep-equal.src 8`] = `"{\\"was\\":1,\\"second\\":2,{\\"foo\\":2}:{\\"was\\":1,\\"second\\":2,{\\"foo\\":2}:{\\"was\\":1,\\"second\\":2,{...}:{...}}}}"`;

exports[`interpreter default scripts deep-equal.src 9`] = `"0"`;

exports[`interpreter default scripts deep-equal.src 10`] = `"0"`;

exports[`interpreter default scripts deep-equal.src 11`] = `"0"`;

exports[`interpreter default scripts deep-equal.src 12`] = `"0"`;

exports[`interpreter default scripts deep-equal.src 13`] = `"0"`;

exports[`interpreter default scripts deep-equal.src 14`] = `"0"`;

exports[`interpreter default scripts deep-equal.src 15`] = `"1"`;

exports[`interpreter default scripts deep-equal.src 16`] = `"1"`;

exports[`interpreter default scripts default-args.src 1`] = `"0"`;

exports[`interpreter default scripts default-args.src 2`] = `"\\"test\\""`;

exports[`interpreter default scripts default-args.src 3`] = `"0"`;

exports[`interpreter default scripts default-args.src 4`] = `"\\"foo\\""`;

exports[`interpreter default scripts default-args.src 5`] = `"0"`;

exports[`interpreter default scripts default-args.src 6`] = `"0"`;

exports[`interpreter default scripts envar.src 1`] = `"\\"123\\""`;

exports[`interpreter default scripts exit.src 1`] = `"123"`;

exports[`interpreter default scripts exit.src 2`] = `"\\"test\\""`;

exports[`interpreter default scripts exit-during-path-resolve.src 1`] = `"\\"bye\\""`;

exports[`interpreter default scripts exit-in-loop.src 1`] = `"\\"in loop\\""`;

exports[`interpreter default scripts exit-in-loop.src 2`] = `"\\"test\\""`;

exports[`interpreter default scripts extend-intrinsics.src 1`] = `"\\"was2\\""`;

exports[`interpreter default scripts extend-intrinsics.src 2`] = `"\\"test\\""`;

exports[`interpreter default scripts extend-intrinsics.src 3`] = `"10"`;

exports[`interpreter default scripts extend-intrinsics.src 4`] = `"\\"something\\""`;

exports[`interpreter default scripts extend-intrinsics.src 5`] = `"\\"foo\\""`;

exports[`interpreter default scripts extend-intrinsics.src 6`] = `"[\\"bar\\", \\"moo\\"]"`;

exports[`interpreter default scripts extend-intrinsics.src 7`] = `"[\\"bar\\", \\"moo\\", \\"another\\"]"`;

exports[`interpreter default scripts gs-bug-index.src 1`] = `"\\"string\\""`;

exports[`interpreter default scripts gs-bug-index.src 2`] = `"\\"function\\""`;

exports[`interpreter default scripts gs-bug-index.src 3`] = `"\\"test\\""`;

exports[`interpreter default scripts has-index.src 1`] = `"\\"1234\\""`;

exports[`interpreter default scripts has-index.src 2`] = `"\\"was\\""`;

exports[`interpreter default scripts has-index.src 3`] = `"\\"moo\\""`;

exports[`interpreter default scripts has-index.src 4`] = `"1"`;

exports[`interpreter default scripts has-index.src 5`] = `"1"`;

exports[`interpreter default scripts has-index.src 6`] = `"\\"bar\\""`;

exports[`interpreter default scripts has-index.src 7`] = `"1"`;

exports[`interpreter default scripts has-index.src 8`] = `"\\"987\\""`;

exports[`interpreter default scripts has-index.src 9`] = `"\\"987\\""`;

exports[`interpreter default scripts has-index.src 10`] = `"\\"987\\""`;

exports[`interpreter default scripts has-index.src 11`] = `"\\"inner-bar\\""`;

exports[`interpreter default scripts has-index.src 12`] = `"\\"inner-bar\\""`;

exports[`interpreter default scripts has-index.src 13`] = `"\\"inner-bar\\""`;

exports[`interpreter default scripts has-index.src 14`] = `"\\"was\\""`;

exports[`interpreter default scripts has-index.src 15`] = `"1"`;

exports[`interpreter default scripts has-index.src 16`] = `"0"`;

exports[`interpreter default scripts if-clause.src 1`] = `"1"`;

exports[`interpreter default scripts if-clause.src 2`] = `"0"`;

exports[`interpreter default scripts if-clause.src 3`] = `"1"`;

exports[`interpreter default scripts if-clause.src 4`] = `"0"`;

exports[`interpreter default scripts if-shorthand.src 1`] = `"\\"true\\""`;

exports[`interpreter default scripts if-shorthand.src 2`] = `"\\"false\\""`;

exports[`interpreter default scripts if-shorthand.src 3`] = `"\\"was\\""`;

exports[`interpreter default scripts if-shorthand.src 4`] = `"1"`;

exports[`interpreter default scripts if-shorthand.src 5`] = `"\\"foo\\""`;

exports[`interpreter default scripts if-shorthand.src 6`] = `"\\"bar\\""`;

exports[`interpreter default scripts if-shorthand.src 7`] = `"\\"x1\\""`;

exports[`interpreter default scripts if-shorthand.src 8`] = `"\\"x2\\""`;

exports[`interpreter default scripts if-shorthand.src 9`] = `"\\"was\\""`;

exports[`interpreter default scripts if-shorthand.src 10`] = `"\\"foo\\""`;

exports[`interpreter default scripts if-shorthand.src 11`] = `"null"`;

exports[`interpreter default scripts implicit-properties.src 1`] = `"0"`;

exports[`interpreter default scripts implicit-properties.src 2`] = `"0"`;

exports[`interpreter default scripts implicit-properties.src 3`] = `"0"`;

exports[`interpreter default scripts implicit-properties.src 4`] = `"0"`;

exports[`interpreter default scripts implicit-properties.src 5`] = `"0"`;

exports[`interpreter default scripts implicit-properties.src 6`] = `"1"`;

exports[`interpreter default scripts implicit-properties.src 7`] = `"0"`;

exports[`interpreter default scripts implicit-properties.src 8`] = `"0"`;

exports[`interpreter default scripts implicit-properties.src 9`] = `"0"`;

exports[`interpreter default scripts implicit-properties.src 10`] = `"1"`;

exports[`interpreter default scripts implicit-properties.src 11`] = `"0"`;

exports[`interpreter default scripts implicit-properties.src 12`] = `"0"`;

exports[`interpreter default scripts implicit-properties.src 13`] = `"0"`;

exports[`interpreter default scripts implicit-properties.src 14`] = `"0"`;

exports[`interpreter default scripts implicit-properties.src 15`] = `"0"`;

exports[`interpreter default scripts imports.src 1`] = `"\\"file imported and sub file imported\\""`;

exports[`interpreter default scripts imports.src 2`] = `"\\"foo included code and sub foo included code\\""`;

exports[`interpreter default scripts imports-within-comments.src 1`] = `"\\"file imported and sub file imported\\""`;

exports[`interpreter default scripts imports-within-comments.src 2`] = `"\\"foo included code and sub foo included code\\""`;

exports[`interpreter default scripts instances.src 1`] = `"\\"was\\""`;

exports[`interpreter default scripts instances.src 2`] = `"\\"woo\\""`;

exports[`interpreter default scripts intrinsics.src 1`] = `"[\\"s\\", \\"t\\", \\"r\\", \\"i\\", \\"n\\", \\"g\\"]"`;

exports[`interpreter default scripts intrinsics.src 2`] = `"[\\"s\\", \\"t\\", \\"r\\", \\"i\\", \\"n\\", \\"g\\"]"`;

exports[`interpreter default scripts intrinsics.src 3`] = `"[\\"s\\", \\"t\\", \\"r\\", \\"i\\", \\"n\\", \\"g\\"]"`;

exports[`interpreter default scripts intrinsics.src 4`] = `"0"`;

exports[`interpreter default scripts is-greybel.src 1`] = `"1"`;

exports[`interpreter default scripts is-greybel.src 2`] = `"1"`;

exports[`interpreter default scripts isa.src 1`] = `"1"`;

exports[`interpreter default scripts isa.src 2`] = `"0"`;

exports[`interpreter default scripts isa.src 3`] = `"0"`;

exports[`interpreter default scripts isa.src 4`] = `"0"`;

exports[`interpreter default scripts isa.src 5`] = `"0"`;

exports[`interpreter default scripts isa.src 6`] = `"1"`;

exports[`interpreter default scripts isa.src 7`] = `"0"`;

exports[`interpreter default scripts isa.src 8`] = `"0"`;

exports[`interpreter default scripts isa.src 9`] = `"0"`;

exports[`interpreter default scripts isa.src 10`] = `"0"`;

exports[`interpreter default scripts isa.src 11`] = `"1"`;

exports[`interpreter default scripts isa.src 12`] = `"0"`;

exports[`interpreter default scripts isa.src 13`] = `"0"`;

exports[`interpreter default scripts isa.src 14`] = `"0"`;

exports[`interpreter default scripts isa.src 15`] = `"0"`;

exports[`interpreter default scripts isa.src 16`] = `"1"`;

exports[`interpreter default scripts isa.src 17`] = `"1"`;

exports[`interpreter default scripts isa.src 18`] = `"1"`;

exports[`interpreter default scripts isa.src 19`] = `"1"`;

exports[`interpreter default scripts isa.src 20`] = `"0"`;

exports[`interpreter default scripts isa.src 21`] = `"0"`;

exports[`interpreter default scripts isa.src 22`] = `"0"`;

exports[`interpreter default scripts isa.src 23`] = `"0"`;

exports[`interpreter default scripts isa.src 24`] = `"1"`;

exports[`interpreter default scripts isa-assign.src 1`] = `"\\"yes\\""`;

exports[`interpreter default scripts isa-assign.src 2`] = `"\\"yes\\""`;

exports[`interpreter default scripts iteration-idx.src 1`] = `"{\\"key\\":\\"a\\",\\"value\\":1}"`;

exports[`interpreter default scripts iteration-idx.src 2`] = `"{\\"key\\":\\"c\\",\\"value\\":1}"`;

exports[`interpreter default scripts iteration-idx.src 3`] = `"{\\"key\\":\\"k\\",\\"value\\":2}"`;

exports[`interpreter default scripts iteration-idx.src 4`] = `"0"`;

exports[`interpreter default scripts iteration-idx.src 5`] = `"2"`;

exports[`interpreter default scripts iteration-idx.src 6`] = `"\\"extend\\""`;

exports[`interpreter default scripts iteration-idx.src 7`] = `"4"`;

exports[`interpreter default scripts iteration-idx.src 8`] = `"1"`;

exports[`interpreter default scripts iteration-idx.src 9`] = `"2"`;

exports[`interpreter default scripts iteration-idx.src 10`] = `"3"`;

exports[`interpreter default scripts iteration-idx.src 11`] = `"4"`;

exports[`interpreter default scripts iteration-idx.src 12`] = `"2"`;

exports[`interpreter default scripts iteration-idx.src 13`] = `"3"`;

exports[`interpreter default scripts iteration-idx.src 14`] = `"4"`;

exports[`interpreter default scripts list.src 1`] = `"\\"bar\\""`;

exports[`interpreter default scripts list.src 2`] = `"\\"bar\\""`;

exports[`interpreter default scripts list.src 3`] = `"\\"foo\\""`;

exports[`interpreter default scripts list.src 4`] = `"\\"changed\\""`;

exports[`interpreter default scripts long-circular-import.src 1`] = `"\\"long circular 3\\""`;

exports[`interpreter default scripts long-circular-import.src 2`] = `"\\"long circular 2\\""`;

exports[`interpreter default scripts long-circular-import.src 3`] = `"\\"long circular 1\\""`;

exports[`interpreter default scripts long-circular-import.src 4`] = `"\\"start long circular\\""`;

exports[`interpreter default scripts lookup-path-opt.src 1`] = `"\\"test\\""`;

exports[`interpreter default scripts lookup-path-opt.src 2`] = `"\\"test\\""`;

exports[`interpreter default scripts lookup-path-opt.src 3`] = `"2"`;

exports[`interpreter default scripts lookup-path-opt.src 4`] = `"{\\"x\\":\\"test\\"}"`;

exports[`interpreter default scripts lookup-path-opt.src 5`] = `"\\"te\\""`;

exports[`interpreter default scripts lookup-path-opt.src 6`] = `"\\"xxx\\""`;

exports[`interpreter default scripts lookup-path-opt.src 7`] = `"\\"xx\\""`;

exports[`interpreter default scripts lookup-path-opt.src 8`] = `"\\"xxx\\""`;

exports[`interpreter default scripts loops.src 1`] = `"[\\"test0\\", 0, 0, 0]"`;

exports[`interpreter default scripts loops.src 2`] = `"\\"before accepted\\""`;

exports[`interpreter default scripts loops.src 3`] = `"\\"after accepted\\""`;

exports[`interpreter default scripts loops.src 4`] = `"\\"before break\\""`;

exports[`interpreter default scripts loops.src 5`] = `"10"`;

exports[`interpreter default scripts loops.src 6`] = `"0"`;

exports[`interpreter default scripts loops.src 7`] = `"\\"test\\""`;

exports[`interpreter default scripts loops.src 8`] = `"123"`;

exports[`interpreter default scripts loops.src 9`] = `"0"`;

exports[`interpreter default scripts loops.src 10`] = `"\\"abc\\""`;

exports[`interpreter default scripts loops.src 11`] = `"456"`;

exports[`interpreter default scripts loops.src 12`] = `"1"`;

exports[`interpreter default scripts manipulation.src 1`] = `"{\\"see\\":\\"124578\\",\\"foo\\":123,\\"bar\\":1,\\"lore\\":\\"moo\\"}"`;

exports[`interpreter default scripts manipulation.src 2`] = `"[\\"123456\\", \\"xxx\\", 123, \\"foo\\"]"`;

exports[`interpreter default scripts manipulation.src 3`] = `"{\\"foo\\":123,\\"bar\\":1,\\"lore\\":\\"moo\\"}"`;

exports[`interpreter default scripts manipulation.src 4`] = `"[\\"xxx\\", 123, \\"foo\\"]"`;

exports[`interpreter default scripts manipulation.src 5`] = `"123"`;

exports[`interpreter default scripts manipulation.src 6`] = `"\\"foo\\""`;

exports[`interpreter default scripts manipulation.src 7`] = `"{\\"bar\\":1,\\"lore\\":\\"moo\\"}"`;

exports[`interpreter default scripts manipulation.src 8`] = `"[\\"xxx\\", 123]"`;

exports[`interpreter default scripts manipulation.src 9`] = `"{\\"foo\\":123,\\"bar\\":1,\\"lore\\":\\"moo\\"}"`;

exports[`interpreter default scripts manipulation.src 10`] = `"[\\"xxx\\", 123, \\"foo\\"]"`;

exports[`interpreter default scripts map.src 1`] = `"{{\\"myTest\\":0,1:2}:1}"`;

exports[`interpreter default scripts map.src 2`] = `"{[12, 14]:1}"`;

exports[`interpreter default scripts map.src 3`] = `"{{{\\"myTest\\":0,1:2}:1}:234}"`;

exports[`interpreter default scripts map.src 4`] = `"{1:\\"foo\\"}"`;

exports[`interpreter default scripts map.src 5`] = `"{123:\\"bar\\"}"`;

exports[`interpreter default scripts map.src 6`] = `"234"`;

exports[`interpreter default scripts map.src 7`] = `"\\"foo\\""`;

exports[`interpreter default scripts map.src 8`] = `"\\"bar\\""`;

exports[`interpreter default scripts negation.src 1`] = `"2"`;

exports[`interpreter default scripts negation.src 2`] = `"[-1, 2, 0]"`;

exports[`interpreter default scripts negation.src 3`] = `"1"`;

exports[`interpreter default scripts new-map.src 1`] = `"{{\\"myTest\\":0,1:2}:1}"`;

exports[`interpreter default scripts new-map.src 2`] = `"{\\"__isa\\":{{\\"myTest\\":0,1:2}:1},\\"foo\\":\\"bar\\"}"`;

exports[`interpreter default scripts new-map.src 3`] = `"{\\"__isa\\":{\\"__isa\\":{{...}:1},\\"foo\\":\\"bar\\"},\\"moo\\":\\"123\\"}"`;

exports[`interpreter default scripts new-map.src 4`] = `"1"`;

exports[`interpreter default scripts new-map.src 5`] = `"\\"123\\""`;

exports[`interpreter default scripts new-map.src 6`] = `"\\"bar\\""`;

exports[`interpreter default scripts new-map.src 7`] = `"{\\"__isa\\":{\\"__isa\\":{\\"__isa\\":{...},\\"foo\\":\\"bar\\"},\\"moo\\":\\"123\\"},{\\"myTest\\":0,1:2}:\\"change\\"}"`;

exports[`interpreter default scripts new-map.src 8`] = `"{\\"__isa\\":{\\"__isa\\":{\\"__isa\\":{...},\\"moo\\":\\"123\\"},{\\"myTest\\":0,1:2}:\\"change\\"}}"`;

exports[`interpreter default scripts new-map.src 9`] = `"{\\"__isa\\":{{\\"myTest\\":0,1:2}:1},\\"foo\\":\\"bar\\"}"`;

exports[`interpreter default scripts new-map.src 10`] = `"{\\"__isa\\":{\\"__isa\\":{{...}:1},\\"foo\\":\\"bar\\"},\\"moo\\":\\"123\\"}"`;

exports[`interpreter default scripts new-map.src 11`] = `"{\\"__isa\\":{\\"__isa\\":{\\"__isa\\":{...},\\"foo\\":\\"bar\\"},\\"moo\\":\\"123\\"},{\\"myTest\\":0,1:2}:\\"change\\"}"`;

exports[`interpreter default scripts new-map.src 12`] = `"{\\"__isa\\":{\\"__isa\\":{\\"__isa\\":{...},\\"moo\\":\\"123\\"},{\\"myTest\\":0,1:2}:\\"change\\"}}"`;

exports[`interpreter default scripts new-map.src 13`] = `"{\\"__isa\\":{\\"__isa\\":{\\"__isa\\":{...},\\"foo\\":\\"bar\\"},\\"moo\\":\\"123\\"},{\\"myTest\\":0,1:2}:\\"change\\"}"`;

exports[`interpreter default scripts new-map.src 14`] = `"\\"bar\\""`;

exports[`interpreter default scripts new-map.src 15`] = `"[\\"b\\", \\"a\\", \\"r\\"]"`;

exports[`interpreter default scripts number-ops-with-different-types.src 1`] = `"null"`;

exports[`interpreter default scripts number-ops-with-different-types.src 2`] = `"null"`;

exports[`interpreter default scripts number-ops-with-different-types.src 3`] = `"\\"10test\\""`;

exports[`interpreter default scripts number-ops-with-different-types.src 4`] = `"10"`;

exports[`interpreter default scripts number-ops-with-different-types.src 5`] = `"11"`;

exports[`interpreter default scripts number-ops-with-different-types.src 6`] = `"null"`;

exports[`interpreter default scripts number-ops-with-different-types.src 7`] = `"null"`;

exports[`interpreter default scripts number-ops-with-different-types.src 8`] = `"null"`;

exports[`interpreter default scripts number-ops-with-different-types.src 9`] = `"10"`;

exports[`interpreter default scripts number-ops-with-different-types.src 10`] = `"9"`;

exports[`interpreter default scripts number-ops-with-different-types.src 11`] = `"null"`;

exports[`interpreter default scripts number-ops-with-different-types.src 12`] = `"null"`;

exports[`interpreter default scripts number-ops-with-different-types.src 13`] = `"null"`;

exports[`interpreter default scripts number-ops-with-different-types.src 14`] = `"0"`;

exports[`interpreter default scripts number-ops-with-different-types.src 15`] = `"10"`;

exports[`interpreter default scripts number-ops-with-different-types.src 16`] = `"null"`;

exports[`interpreter default scripts number-ops-with-different-types.src 17`] = `"null"`;

exports[`interpreter default scripts number-ops-with-different-types.src 18`] = `"null"`;

exports[`interpreter default scripts number-ops-with-different-types.src 19`] = `"Infinity"`;

exports[`interpreter default scripts number-ops-with-different-types.src 20`] = `"10"`;

exports[`interpreter default scripts number-ops-with-different-types.src 21`] = `"1"`;

exports[`interpreter default scripts number-ops-with-different-types.src 22`] = `"1"`;

exports[`interpreter default scripts number-ops-with-different-types.src 23`] = `"1"`;

exports[`interpreter default scripts number-ops-with-different-types.src 24`] = `"1"`;

exports[`interpreter default scripts number-ops-with-different-types.src 25`] = `"1"`;

exports[`interpreter default scripts number-ops-with-different-types.src 26`] = `"null"`;

exports[`interpreter default scripts number-ops-with-different-types.src 27`] = `"null"`;

exports[`interpreter default scripts number-ops-with-different-types.src 28`] = `"null"`;

exports[`interpreter default scripts number-ops-with-different-types.src 29`] = `"0"`;

exports[`interpreter default scripts number-ops-with-different-types.src 30`] = `"0"`;

exports[`interpreter default scripts obj-init.src 1`] = `"[\\"123\\", \\"123\\", \\"foo\\"]"`;

exports[`interpreter default scripts obj-init.src 2`] = `"[{\\"another\\":\\"123\\"}, \\"123\\", \\"foo\\"]"`;

exports[`interpreter default scripts opt-shorthand.src 1`] = `"1"`;

exports[`interpreter default scripts opt-shorthand.src 2`] = `"2"`;

exports[`interpreter default scripts opt-shorthand.src 3`] = `"3"`;

exports[`interpreter default scripts outer.src 1`] = `"{\\"IS_GREYBEL\\":1,\\"params\\":[],\\"foo\\":\\"bar\\"}"`;

exports[`interpreter default scripts outer.src 2`] = `"1"`;

exports[`interpreter default scripts override.src 1`] = `"\\"test\\""`;

exports[`interpreter default scripts override.src 2`] = `"123"`;

exports[`interpreter default scripts override.src 3`] = `"\\"test\\""`;

exports[`interpreter default scripts override.src 4`] = `"123"`;

exports[`interpreter default scripts override.src 5`] = `"\\"number\\""`;

exports[`interpreter default scripts override.src 6`] = `"\\"number\\""`;

exports[`interpreter default scripts print.src 1`] = `"123"`;

exports[`interpreter default scripts return-in-loop.src 1`] = `"1"`;

exports[`interpreter default scripts return-in-while.src 1`] = `"\\"iteration\\""`;

exports[`interpreter default scripts return-in-while.src 2`] = `"1"`;

exports[`interpreter default scripts return-in-while.src 3`] = `"\\"iteration\\""`;

exports[`interpreter default scripts return-in-while.src 4`] = `"1"`;

exports[`interpreter default scripts return-in-while.src 5`] = `"\\"iteration\\""`;

exports[`interpreter default scripts return-in-while.src 6`] = `"\\"iteration\\""`;

exports[`interpreter default scripts return-in-while.src 7`] = `"1"`;

exports[`interpreter default scripts return-in-while.src 8`] = `"\\"iteration\\""`;

exports[`interpreter default scripts return-in-while.src 9`] = `"1"`;

exports[`interpreter default scripts scopes.src 1`] = `"\\"main local\\""`;

exports[`interpreter default scripts scopes.src 2`] = `"\\"test fn local\\""`;

exports[`interpreter default scripts scopes.src 3`] = `"\\"test bar local\\""`;

exports[`interpreter default scripts scopes-in-anonymous-functions.src 1`] = `"\\"abc\\""`;

exports[`interpreter default scripts scopes-in-anonymous-functions.src 2`] = `"\\"wa\\""`;

exports[`interpreter default scripts self-ms-behaviour.src 1`] = `"{\\"bar\\":FUNCTION(actualValue, self, self)}"`;

exports[`interpreter default scripts self-ms-behaviour.src 2`] = `"\\"test\\""`;

exports[`interpreter default scripts self-ms-behaviour.src 3`] = `"\\"do not ignore\\""`;

exports[`interpreter default scripts self-ms-behaviour.src 4`] = `"\\"bar\\""`;

exports[`interpreter default scripts self-ms-behaviour.src 5`] = `"{\\"bar\\":FUNCTION(was, self, self, last)}"`;

exports[`interpreter default scripts self-ms-behaviour.src 6`] = `"\\"test\\""`;

exports[`interpreter default scripts self-ms-behaviour.src 7`] = `"\\"show me\\""`;

exports[`interpreter default scripts self-ms-behaviour.src 8`] = `"\\"do not ignore\\""`;

exports[`interpreter default scripts self-ms-behaviour.src 9`] = `"\\"bar\\""`;

exports[`interpreter default scripts self-ms-behaviour.src 10`] = `"\\"show me\\""`;

exports[`interpreter default scripts simple-object.src 1`] = `"\\"was\\""`;

exports[`interpreter default scripts simple-object.src 2`] = `"null"`;

exports[`interpreter default scripts slice.src 1`] = `"[\\"blahh\\", \\"blahh\\", \\"blahh\\", \\"blahh\\", \\"blahh\\", \\"blahh\\", \\"gad\\"]"`;

exports[`interpreter default scripts slice.src 2`] = `"[\\"b\\", \\"c\\"]"`;

exports[`interpreter default scripts slice.src 3`] = `"[\\"a\\"]"`;

exports[`interpreter default scripts slice.src 4`] = `"\\"bc\\""`;

exports[`interpreter default scripts slice.src 5`] = `"\\"a\\""`;

exports[`interpreter default scripts stringify-functions.src 1`] = `"FUNCTION(self, delimiter=\\",\\")"`;

exports[`interpreter default scripts stringify-functions.src 2`] = `"FUNCTION(a, b=123, c=\\"abc\\")"`;

exports[`interpreter default scripts super.src 1`] = `"\\"test\\""`;

exports[`interpreter default scripts super.src 2`] = `"\\"doing math\\""`;

exports[`interpreter default scripts super.src 3`] = `"3"`;

exports[`interpreter default scripts super.src 4`] = `"3"`;

exports[`interpreter default scripts super.src 5`] = `"1"`;

exports[`interpreter default scripts super.src 6`] = `"10"`;

exports[`interpreter default scripts super.src 7`] = `"\\"test\\""`;

exports[`interpreter default scripts super.src 8`] = `"{\\"__isa\\":{\\"__isa\\":{\\"__isa\\":{...},\\"test\\":FUNCTION()},\\"test\\":FUNCTION()},\\"lllbefore\\":\\"moo\\",\\"lll\\":\\"was\\"}"`;

exports[`interpreter default scripts super.src 9`] = `"123"`;

exports[`interpreter default scripts super.src 10`] = `"\\"\\"123\\"\\""`;

exports[`interpreter default scripts super.src 11`] = `"123"`;

exports[`interpreter default scripts super.src 12`] = `"\\"\\"123\\"\\""`;

exports[`interpreter default scripts super.src 13`] = `"1"`;

exports[`interpreter default scripts super-alt.src 1`] = `"42"`;

exports[`interpreter default scripts uglified.src 1`] = `"{\\"B\\":{\\"exports\\":{\\"bar\\":123}}}"`;

exports[`interpreter default scripts uglified.src 2`] = `"\\"B\\""`;

exports[`interpreter default scripts uglified.src 3`] = `"{\\"exports\\":{\\"bar\\":123}}"`;

exports[`interpreter default scripts uglified.src 4`] = `"123"`;

exports[`interpreter default scripts unary.src 1`] = `"1"`;

exports[`interpreter default scripts unary.src 2`] = `"0"`;

exports[`interpreter default scripts unary.src 3`] = `"1"`;

exports[`interpreter default scripts unary.src 4`] = `"1"`;

exports[`interpreter default scripts unary.src 5`] = `"1"`;

exports[`interpreter default scripts unary.src 6`] = `"-3"`;

exports[`interpreter default scripts unary.src 7`] = `"\\"function\\""`;

exports[`interpreter default scripts unary.src 8`] = `"\\"inner-function\\""`;

exports[`interpreter default scripts unary.src 9`] = `"\\"function\\""`;

exports[`interpreter default scripts use-global-scope.src 1`] = `"\\"global\\""`;

exports[`interpreter default scripts use-local-scope.src 1`] = `"\\"local\\""`;

exports[`interpreter specific cases should contain correct stack 1`] = `
"at unknown:3:15
at unknown:9:15
at unknown:12:20"
`;
